<?xml version="1.0" encoding="UTF-8"?>
<!DOCTYPE struts-config PUBLIC "-//Apache Software Foundation//DTD Struts Configuration 1.1//EN" "http://jakarta.apache.org/struts/dtds/struts-config_1_1.dtd">
<struts-config>
  <!-- Generated from /WEB-INF/.tmpbeansrc/Nested_NewReturnTo/Controller.java on Tue Aug 09 16:45:46 MDT 2005 -->
  <form-beans/>
  <global-exceptions/>
  <global-forwards>
    <forward name="_auto" path=""/>
  </global-forwards>
  <action-mappings>
    <action parameter="Nested_NewReturnTo.Controller" path="/action1" scope="request" type="org.apache.beehive.netui.pageflow.internal.FlowControllerAction" validate="false">
      <forward className="org.apache.beehive.netui.pageflow.config.PageFlowActionForward" name="page1" path="previousPage">
        <set-property property="returnToPage" value="true"/>
      </forward>
    </action>
    <action parameter="Nested_NewReturnTo.Controller" path="/action2" scope="request" type="org.apache.beehive.netui.pageflow.internal.FlowControllerAction" validate="false">
      <forward className="org.apache.beehive.netui.pageflow.config.PageFlowActionForward" name="page1" path="currentPage">
        <set-property property="returnToPage" value="true"/>
      </forward>
    </action>
    <action parameter="Nested_NewReturnTo.Controller" path="/action3" scope="request" type="org.apache.beehive.netui.pageflow.internal.FlowControllerAction" validate="false">
      <forward className="org.apache.beehive.netui.pageflow.config.PageFlowActionForward" name="page1" path="previousAction">
        <set-property property="returnToAction" value="true"/>
      </forward>
    </action>
    <action parameter="Nested_NewReturnTo.Controller" path="/action4" scope="request" type="org.apache.beehive.netui.pageflow.internal.FlowControllerAction" validate="false">
      <forward className="org.apache.beehive.netui.pageflow.config.PageFlowActionForward" name="page1" path="previousAction">
        <set-property property="returnToAction" value="true"/>
      </forward>
    </action>
    <action parameter="Nested_NewReturnTo.Controller" path="/action5" scope="request" type="org.apache.beehive.netui.pageflow.internal.FlowControllerAction" validate="false">
      <forward className="org.apache.beehive.netui.pageflow.config.PageFlowActionForward" name="page1" path="page">
        <set-property property="returnToPage" value="true"/>
      </forward>
    </action>
    <action parameter="Nested_NewReturnTo.Controller" path="/action8" scope="request" type="org.apache.beehive.netui.pageflow.internal.FlowControllerAction" validate="false">
      <forward className="org.apache.beehive.netui.pageflow.config.PageFlowActionForward" name="callingJpf" path="someAction">
        <set-property property="nestedReturn" value="true"/>
      </forward>
    </action>
    <action parameter="Nested_NewReturnTo.Controller" path="/begin" scope="request" type="org.apache.beehive.netui.pageflow.internal.FlowControllerAction" validate="false">
      <forward name="page1" path="/Page1.jsp"/>
    </action>
  </action-mappings>
  <controller className="org.apache.beehive.netui.pageflow.config.PageFlowControllerConfig" inputForward="true" processorClass="org.apache.beehive.netui.pageflow.PageFlowRequestProcessor">
    <set-property property="isNestedPageFlow" value="true"/>
    <set-property property="sharedFlows" value=""/>
    <set-property property="controllerClass" value="Nested_NewReturnTo.Controller"/>
    <set-property property="isMissingDefaultMessages" value="true"/>
  </controller>
  <message-resources key="_defaultMsgs" null="true" parameter="org.apache.beehive.netui.pageflow.validation.defaultMessages"/>
</struts-config>
