<?xml version="1.0" encoding="UTF-8"?>
<!DOCTYPE struts-config PUBLIC "-//Apache Software Foundation//DTD Struts Configuration 1.1//EN" "http://jakarta.apache.org/struts/dtds/struts-config_1_1.dtd">
<struts-config>
  <!-- Generated from /WEB-INF/.tmpbeansrc/PF_AnyNumberActionForward/Controller.java on Tue Aug 09 16:46:00 MDT 2005 -->
  <form-beans/>
  <global-exceptions/>
  <global-forwards>
    <forward name="_auto" path=""/>
  </global-forwards>
  <action-mappings>
    <action parameter="PF_AnyNumberActionForward.Controller" path="/begin" scope="request" type="org.apache.beehive.netui.pageflow.internal.FlowControllerAction" validate="false">
      <forward name="begin" path="/Begin.jsp"/>
    </action>
    <action parameter="PF_AnyNumberActionForward.Controller" path="/page1" scope="request" type="org.apache.beehive.netui.pageflow.internal.FlowControllerAction" validate="false">
      <forward name="page1" path="/Page1.jsp"/>
      <forward name="page2" path="/Page2.jsp"/>
      <forward name="page3" path="/Page3.jsp"/>
      <forward name="page4" path="/Page4.jsp"/>
      <forward name="page5" path="/Page5.jsp"/>
      <forward name="page6" path="/Page6.jsp"/>
      <forward name="page7" path="/Page7.jsp"/>
      <forward name="page8" path="/Page8.jsp"/>
      <forward name="page9" path="/Page9.jsp"/>
      <forward name="page10" path="/Page10.jsp"/>
      <forward name="page11" path="/Page11.jsp"/>
      <forward name="page12" path="/Page12.jsp"/>
      <forward name="page13" path="/Page13.jsp"/>
      <forward name="page14" path="/Page14.jsp"/>
      <forward name="page15" path="/Page15.jsp"/>
      <forward name="page16" path="/Page16.jsp"/>
      <forward name="page17" path="/Page17.jsp"/>
      <forward name="page18" path="/Page18.jsp"/>
      <forward name="page19" path="/Page19.jsp"/>
      <forward name="page20" path="/Page20.jsp"/>
      <forward name="page21" path="/Page21.jsp"/>
      <forward name="page22" path="/Page22.jsp"/>
      <forward name="page23" path="/Page23.jsp"/>
      <forward name="page24" path="/Page24.jsp"/>
      <forward name="page25" path="/Page25.jsp"/>
      <forward name="page26" path="/Page26.jsp"/>
      <forward name="page27" path="/Page27.jsp"/>
      <forward name="page28" path="/Page28.jsp"/>
      <forward name="page29" path="/Page29.jsp"/>
      <forward name="page30" path="/Page30.jsp"/>
      <forward name="page31" path="/Page31.jsp"/>
      <forward name="page32" path="/Page32.jsp"/>
      <forward name="page33" path="/Page33.jsp"/>
      <forward name="page34" path="/Page34.jsp"/>
      <forward name="page35" path="/Page35.jsp"/>
      <forward name="page36" path="/Page36.jsp"/>
      <forward name="page37" path="/Page37.jsp"/>
      <forward name="page38" path="/Page38.jsp"/>
      <forward name="page39" path="/Page39.jsp"/>
      <forward name="page40" path="/Page40.jsp"/>
      <forward name="page41" path="/Page41.jsp"/>
      <forward name="page42" path="/Page42.jsp"/>
      <forward name="page43" path="/Page43.jsp"/>
      <forward name="page44" path="/Page44.jsp"/>
      <forward name="page45" path="/Page45.jsp"/>
      <forward name="page46" path="/Page46.jsp"/>
      <forward name="page47" path="/Page47.jsp"/>
      <forward name="page48" path="/Page48.jsp"/>
      <forward name="page49" path="/Page49.jsp"/>
      <forward name="page50" path="/Page50.jsp"/>
    </action>
  </action-mappings>
  <controller className="org.apache.beehive.netui.pageflow.config.PageFlowControllerConfig" inputForward="true" processorClass="org.apache.beehive.netui.pageflow.PageFlowRequestProcessor">
    <set-property property="isReturnToPageDisabled" value="true"/>
    <set-property property="isReturnToActionDisabled" value="true"/>
    <set-property property="sharedFlows" value=""/>
    <set-property property="controllerClass" value="PF_AnyNumberActionForward.Controller"/>
    <set-property property="isMissingDefaultMessages" value="true"/>
  </controller>
  <message-resources key="_defaultMsgs" null="true" parameter="org.apache.beehive.netui.pageflow.validation.defaultMessages"/>
</struts-config>
