[LOCAL_PATH]\WEB-INF\.tmpbeansrc\GA_WrongPkg\Global.java:30: warning: File "Page1.jsp" could not be found in the web application.
    protected Forward begin()
                      ^
[LOCAL_PATH]\WEB-INF\.tmpbeansrc\GA_WrongPkg\Global.java:45: warning: File "Page2.jsp" could not be found in the web application.
    protected Forward page2()
                      ^
[LOCAL_PATH]\WEB-INF\.tmpbeansrc\GA_WrongPkg\Global.java:18: The package must be "global".
public class Global extends GlobalApp
       ^
[LOCAL_PATH]\WEB-INF\.tmpbeansrc\GA_WrongPkg\Global.java:18: Global.app must be in the /WEB-INF/src/global directory.
public class Global extends GlobalApp
       ^
Note: [LOCAL_PATH]\WEB-INF\.tmpbeansrc\GA_WrongPkg\Global.java uses or overrides a deprecated API.
Note: Recompile with -Xlint:deprecation for details.
2 errors
2 warnings
