<?xml version="1.0" encoding="UTF-8"?>
<!DOCTYPE struts-config PUBLIC "-//Apache Software Foundation//DTD Struts Configuration 1.1//EN" "http://jakarta.apache.org/struts/dtds/struts-config_1_1.dtd">
<struts-config>
  <!-- Generated from /WEB-INF/.tmpbeansrc/Jira390/Controller.java and /Jira390/myMerge.xml on Tue Aug 09 22:05:35 MDT 2005 -->
  <form-beans/>
  <global-exceptions/>
  <global-forwards>
    <forward name="_auto" path=""/>
  </global-forwards>
  <action-mappings>
    <action className="org.apache.beehive.netui.pageflow.config.PageFlowActionMapping" parameter="Jira390.Controller" path="/begin" scope="request" type="org.apache.beehive.netui.pageflow.internal.FlowControllerAction" validate="false">
      <set-property property="readonly" value="true"/>
      <set-property property="simpleAction" value="true"/>
      <set-property property="defaultForward" value="_defaultForward"/>
      <forward name="_defaultForward" path="/index.jsp"/>
    </action>
  </action-mappings>
  <controller className="org.apache.beehive.netui.pageflow.config.PageFlowControllerConfig" inputForward="true" processorClass="foo">
    <set-property property="isReturnToPageDisabled" value="true"/>
    <set-property property="isReturnToActionDisabled" value="true"/>
    <set-property property="sharedFlows" value=""/>
    <set-property property="controllerClass" value="Jira390.Controller"/>
    <set-property property="isMissingDefaultMessages" value="true"/>
  </controller>
  <message-resources key="_defaultMsgs" null="true" parameter="org.apache.beehive.netui.pageflow.validation.defaultMessages"/>
</struts-config>
