<?xml version="1.0" encoding="UTF-8"?>
<processed-annotations>
  <!-- Generated from fieldWithNullName.SharedFlow on Mon Jan 30 16:32:02 MST 2006 -->
  <type-name>fieldWithNullName.SharedFlow</type-name>
</processed-annotations>
