<?xml version="1.0" encoding="UTF-8"?>
<!DOCTYPE struts-config PUBLIC "-//Apache Software Foundation//DTD Struts Configuration 1.1//EN" "http://jakarta.apache.org/struts/dtds/struts-config_1_1.dtd">
<struts-config>
  <!-- Generated from /fieldWithNullName/Controller.java on Mon Jan 30 16:32:02 MST 2006 -->
  <form-beans/>
  <global-exceptions/>
  <global-forwards>
    <forward name="_auto" path=""/>
  </global-forwards>
  <action-mappings>
    <action className="org.apache.beehive.netui.pageflow.config.PageFlowActionMapping" parameter="fieldWithNullName.Controller" path="/begin" scope="request" type="org.apache.beehive.netui.pageflow.internal.FlowControllerAction" validate="false">
      <set-property property="readonly" value="true"/>
      <set-property property="simpleAction" value="true"/>
      <set-property property="defaultForward" value="_defaultForward"/>
      <forward name="_defaultForward" path="/index.jsp"/>
    </action>
    <action parameter="fieldWithNullName.Controller" path="/getShared" scope="request" type="org.apache.beehive.netui.pageflow.internal.FlowControllerAction" validate="false">
      <forward className="org.apache.beehive.netui.pageflow.config.PageFlowActionForward" name="success" path="currentPage">
        <set-property property="returnToPage" value="true"/>
      </forward>
    </action>
  </action-mappings>
  <controller className="org.apache.beehive.netui.pageflow.config.PageFlowControllerConfig" inputForward="true" processorClass="org.apache.beehive.netui.pageflow.PageFlowRequestProcessor">
    <set-property property="isReturnToActionDisabled" value="true"/>
    <set-property property="sharedFlows" value="shared=fieldWithNullName.SharedFlow"/>
    <set-property property="controllerClass" value="fieldWithNullName.Controller"/>
    <set-property property="isMissingDefaultMessages" value="true"/>
  </controller>
  <message-resources key="_defaultMsgs" null="true" parameter="org.apache.beehive.netui.pageflow.validation.defaultMessages"/>
</struts-config>
