<?xml version="1.0" encoding="UTF-8"?>
<!DOCTYPE struts-config PUBLIC "-//Apache Software Foundation//DTD Struts Configuration 1.1//EN" "http://jakarta.apache.org/struts/dtds/struts-config_1_1.dtd">
<struts-config>
  <!-- Generated from /WEB-INF/.tmpbeansrc/PF_InvalidAnnotations/Controller.java on Tue Aug 09 21:31:56 MDT 2005 -->
  <form-beans/>
  <global-exceptions/>
  <global-forwards>
    <forward name="_auto" path=""/>
  </global-forwards>
  <action-mappings>
    <action className="org.apache.beehive.netui.pageflow.config.PageFlowActionMapping" parameter="PF_InvalidAnnotations.Controller" path="/action1" scope="request" type="org.apache.beehive.netui.pageflow.internal.FlowControllerAction" validate="false">
      <set-property property="readonly" value="false"/>
      <forward name="gotoPg1" path="/Pg1.jsp"/>
    </action>
    <action parameter="PF_InvalidAnnotations.Controller" path="/action2" scope="request" type="org.apache.beehive.netui.pageflow.internal.FlowControllerAction" validate="false">
      <forward name="gotoPg1" path="/Pg1.jsp"/>
    </action>
    <action parameter="PF_InvalidAnnotations.Controller" path="/action3" scope="request" type="org.apache.beehive.netui.pageflow.internal.FlowControllerAction" validate="false">
      <forward name="gotoPg1" path="/Pg1.jsp"/>
    </action>
    <action parameter="PF_InvalidAnnotations.Controller" path="/action4" scope="request" type="org.apache.beehive.netui.pageflow.internal.FlowControllerAction" validate="false">
      <forward name="gotoPg1" path="/Pg1.jsp"/>
    </action>
    <action parameter="PF_InvalidAnnotations.Controller" path="/action5" scope="request" type="org.apache.beehive.netui.pageflow.internal.FlowControllerAction" validate="false">
      <forward name="gotoPg1" path="/Pg1.jsp"/>
    </action>
    <action parameter="PF_InvalidAnnotations.Controller" path="/action6" scope="request" type="org.apache.beehive.netui.pageflow.internal.FlowControllerAction" validate="false">
      <forward name="gotoPg1" path="/Pg1.jsp"/>
    </action>
    <action parameter="PF_InvalidAnnotations.Controller" path="/action7" scope="request" type="org.apache.beehive.netui.pageflow.internal.FlowControllerAction" validate="false">
      <forward name="gotoPg1" path="/Pg1.jsp"/>
    </action>
    <action input="validationFailure" parameter="PF_InvalidAnnotations.Controller" path="/action8" scope="request" type="org.apache.beehive.netui.pageflow.internal.FlowControllerAction" validate="true">
      <forward name="gotoPg1" path="/Pg1.jsp"/>
      <forward name="validationFailure" path="/Pg1.jsp">
        <!-- forward "validationFailure" (validationErrorForward) -->
      </forward>
    </action>
    <action parameter="PF_InvalidAnnotations.Controller" path="/action9" scope="request" type="org.apache.beehive.netui.pageflow.internal.FlowControllerAction" validate="false">
      <forward name="gotoPg1" path="/Pg1.jsp"/>
    </action>
    <action parameter="PF_InvalidAnnotations.Controller" path="/begin" scope="request" type="org.apache.beehive.netui.pageflow.internal.FlowControllerAction" validate="false">
      <forward name="gotoPg1" path="/Pg1.jsp"/>
    </action>
  </action-mappings>
  <controller className="org.apache.beehive.netui.pageflow.config.PageFlowControllerConfig" inputForward="true" processorClass="org.apache.beehive.netui.pageflow.PageFlowRequestProcessor">
    <set-property property="isReturnToPageDisabled" value="true"/>
    <set-property property="isReturnToActionDisabled" value="true"/>
    <set-property property="sharedFlows" value=""/>
    <set-property property="controllerClass" value="PF_InvalidAnnotations.Controller"/>
    <set-property property="isMissingDefaultMessages" value="true"/>
  </controller>
  <message-resources key="_defaultMsgs" null="true" parameter="org.apache.beehive.netui.pageflow.validation.defaultMessages"/>
</struts-config>
