<?xml version="1.0" encoding="UTF-8"?>
<!DOCTYPE struts-config PUBLIC "-//Apache Software Foundation//DTD Struts Configuration 1.1//EN" "http://jakarta.apache.org/struts/dtds/struts-config_1_1.dtd">
<struts-config>
  <!-- Generated from /actionOutputTypeHintMismatchWarning/Controller.java on Thu Dec 08 18:03:27 MST 2005 -->
  <form-beans/>
  <global-exceptions/>
  <global-forwards>
    <forward name="_auto" path=""/>
  </global-forwards>
  <action-mappings>
    <action parameter="actionOutputTypeHintMismatchWarning.Controller" path="/begin" scope="request" type="org.apache.beehive.netui.pageflow.internal.FlowControllerAction" validate="false">
      <forward className="org.apache.beehive.netui.pageflow.config.PageFlowActionForward" name="dne" path="/doesnotexist">
        <set-property property="actionOutputCount" value="6"/>
        <set-property property="actionOutput0" value="java.util.ArrayList|false|good1"/>
        <set-property property="actionOutput1" value="java.util.List|false|good2"/>
        <set-property property="actionOutput2" value="java.util.ArrayList|false|good3"/>
        <set-property property="actionOutput3" value="java.util.ArrayList|false|bad1"/>
        <set-property property="actionOutput4" value="java.util.ArrayList|false|bad2"/>
        <set-property property="actionOutput5" value="java.util.ArrayList|false|bad3"/>
      </forward>
    </action>
  </action-mappings>
  <controller className="org.apache.beehive.netui.pageflow.config.PageFlowControllerConfig" inputForward="true" processorClass="org.apache.beehive.netui.pageflow.PageFlowRequestProcessor">
    <set-property property="isReturnToPageDisabled" value="true"/>
    <set-property property="isReturnToActionDisabled" value="true"/>
    <set-property property="sharedFlows" value=""/>
    <set-property property="controllerClass" value="actionOutputTypeHintMismatchWarning.Controller"/>
    <set-property property="isMissingDefaultMessages" value="true"/>
  </controller>
  <message-resources key="_defaultMsgs" null="true" parameter="org.apache.beehive.netui.pageflow.validation.defaultMessages"/>
</struts-config>
