<?xml version="1.0" encoding="UTF-8"?>
<!DOCTYPE struts-config PUBLIC "-//Apache Software Foundation//DTD Struts Configuration 1.1//EN" "http://jakarta.apache.org/struts/dtds/struts-config_1_1.dtd">
<struts-config>
  <!-- Generated from /PF_DeprecatedExceptionHandler/Controller.java on Thu Nov 17 15:54:00 MST 2005 -->
  <form-beans>
    <form-bean className="org.apache.beehive.netui.pageflow.config.PageFlowActionFormBean" name="formOne" type="PF_DeprecatedExceptionHandler.Controller$FormOne"/>
  </form-beans>
  <global-exceptions>
    <exception className="org.apache.beehive.netui.pageflow.config.PageFlowExceptionConfig" handler="exceptionHandler" key="java.lang.Throwable" type="java.lang.Throwable">
      <set-property property="isHandlerMethod" value="true"/>
    </exception>
  </global-exceptions>
  <global-forwards>
    <forward name="_auto" path=""/>
    <forward className="org.apache.beehive.netui.pageflow.config.PageFlowActionForward" name="current" path="currentPage">
      <!-- forward "current" from exception-handler exceptionHandler -->
      <set-property property="returnToPage" value="true"/>
    </forward>
  </global-forwards>
  <action-mappings>
    <action className="org.apache.beehive.netui.pageflow.config.PageFlowActionMapping" name="formOne" parameter="PF_DeprecatedExceptionHandler.Controller" path="/action1" scope="request" type="org.apache.beehive.netui.pageflow.internal.FlowControllerAction" validate="false">
      <set-property property="formClass" value="PF_DeprecatedExceptionHandler.Controller$FormOne"/>
      <forward name="currentPage" path="/currentPage"/>
    </action>
    <action parameter="PF_DeprecatedExceptionHandler.Controller" path="/begin" scope="request" type="org.apache.beehive.netui.pageflow.internal.FlowControllerAction" validate="false">
      <forward name="gotoPg1" path="/Pg1.jsp"/>
    </action>
  </action-mappings>
  <controller className="org.apache.beehive.netui.pageflow.config.PageFlowControllerConfig" inputForward="true" processorClass="org.apache.beehive.netui.pageflow.PageFlowRequestProcessor">
    <set-property property="isReturnToActionDisabled" value="true"/>
    <set-property property="sharedFlows" value=""/>
    <set-property property="controllerClass" value="PF_DeprecatedExceptionHandler.Controller"/>
    <set-property property="isMissingDefaultMessages" value="true"/>
  </controller>
  <message-resources key="_defaultMsgs" null="true" parameter="org.apache.beehive.netui.pageflow.validation.defaultMessages"/>
</struts-config>
