<?xml version="1.0" encoding="UTF-8"?>
<!DOCTYPE struts-config PUBLIC "-//Apache Software Foundation//DTD Struts Configuration 1.1//EN" "http://jakarta.apache.org/struts/dtds/struts-config_1_1.dtd">
<struts-config>
  <!-- Generated from /PF_ActionWithForm/Controller.java on Thu Nov 17 10:45:54 MST 2005 -->
  <form-beans>
    <form-bean className="org.apache.beehive.netui.pageflow.config.PageFlowActionFormBean" name="tempForm" type="org.apache.beehive.netui.pageflow.internal.AnyBeanActionForm">
      <set-property property="actualType" value="PF_ActionWithForm.Controller$TempForm"/>
    </form-bean>
  </form-beans>
  <global-exceptions/>
  <global-forwards>
    <forward name="_auto" path=""/>
  </global-forwards>
  <action-mappings>
    <action parameter="PF_ActionWithForm.Controller" path="/begin" scope="request" type="org.apache.beehive.netui.pageflow.internal.FlowControllerAction" validate="false">
      <forward name="begin" path="/Begin.jsp"/>
    </action>
    <action className="org.apache.beehive.netui.pageflow.config.PageFlowActionMapping" name="tempForm" parameter="PF_ActionWithForm.Controller" path="/page1" scope="request" type="org.apache.beehive.netui.pageflow.internal.FlowControllerAction" validate="false">
      <set-property property="formClass" value="PF_ActionWithForm.Controller$TempForm"/>
      <forward name="page1" path="/Page1.jsp"/>
    </action>
  </action-mappings>
  <controller className="org.apache.beehive.netui.pageflow.config.PageFlowControllerConfig" inputForward="true" processorClass="org.apache.beehive.netui.pageflow.PageFlowRequestProcessor">
    <set-property property="isReturnToPageDisabled" value="true"/>
    <set-property property="isReturnToActionDisabled" value="true"/>
    <set-property property="sharedFlows" value=""/>
    <set-property property="controllerClass" value="PF_ActionWithForm.Controller"/>
    <set-property property="isMissingDefaultMessages" value="true"/>
  </controller>
  <message-resources key="_defaultMsgs" null="true" parameter="org.apache.beehive.netui.pageflow.validation.defaultMessages"/>
</struts-config>
