<?xml version="1.0" encoding="UTF-8"?>
<!DOCTYPE struts-config PUBLIC "-//Apache Software Foundation//DTD Struts Configuration 1.1//EN" "http://jakarta.apache.org/struts/dtds/struts-config_1_1.dtd">
<struts-config>
  <!-- Generated from /WEB-INF/.tmpbeansrc/simpleBeginActionMethodOverride/childFlow/ChildFlow.java on Tue Aug 09 16:47:23 MDT 2005 -->
  <form-beans/>
  <global-exceptions/>
  <global-forwards>
    <forward name="_auto" path=""/>
  </global-forwards>
  <action-mappings>
    <action className="org.apache.beehive.netui.pageflow.config.PageFlowActionMapping" parameter="simpleBeginActionMethodOverride.childFlow.ChildFlow" path="/begin" scope="request" type="org.apache.beehive.netui.pageflow.internal.FlowControllerAction" validate="false">
      <!-- Note that there is more than one action with path "/begin".  Use a form-qualified action path if this is not the one you want. -->
      <set-property property="overloaded" value="true"/>
      <forward name="success" path="/index.jsp"/>
    </action>
  </action-mappings>
  <controller className="org.apache.beehive.netui.pageflow.config.PageFlowControllerConfig" inputForward="true" processorClass="org.apache.beehive.netui.pageflow.PageFlowRequestProcessor">
    <set-property property="isReturnToPageDisabled" value="true"/>
    <set-property property="isReturnToActionDisabled" value="true"/>
    <set-property property="sharedFlows" value=""/>
    <set-property property="controllerClass" value="simpleBeginActionMethodOverride.childFlow.ChildFlow"/>
    <set-property property="isMissingDefaultMessages" value="true"/>
  </controller>
  <message-resources key="_defaultMsgs" null="true" parameter="org.apache.beehive.netui.pageflow.validation.defaultMessages"/>
</struts-config>
