Note: [LOCAL_PATH]\WEB-INF\.tmpbeansrc\WEB-INF\src\global\Global.java uses or overrides a deprecated API.
Note: Recompile with -Xlint:deprecation for details.
Note: [LOCAL_PATH]\WEB-INF\.tmpbeansrc\WEB-INF\src\global\Global.java uses or overrides a deprecated API.
Note: Recompile with -Xlint:deprecation for details.
